bazdmeg-mcp: 
